{
    "segmentation nuclear - tif": {
        "content": [
            {
                "0": [
                    
                ],
                "1": [
                    
                ],
                "mask": [
                    
                ],
                "versions": [
                    
                ]
            }
        ],
        "meta": {
            "nf-test": "0.9.2",
            "nextflow": "24.10.3"
        },
        "timestamp": "2025-01-13T14:59:57.847744704"
    },
    "segmentation nuclear - tif - stub": {
        "content": [
            {
                "0": [
                    
                ],
                "1": [
                    
                ],
                "mask": [
                    
                ],
                "versions": [
                    
                ]
            }
        ],
        "meta": {
            "nf-test": "0.9.2",
            "nextflow": "24.10.3"
        },
        "timestamp": "2025-01-13T15:00:09.78253536"
    }
}